[2017-09-28 08:57:16] ocr.INFO: hello world! [] []
[2017-09-28 09:05:24] ocr.INFO: hello world! [] []
